// Jest Snapshot v1, https://goo.gl/fbAQLP

exports[`should render currency items correctly should render error message 1`] = `
<p
  className="status"
  data-testid="error-msg"
/>
`;

exports[`test currency list component should render correct snapshot 1`] = `
<section
  className="currencies"
>
  <div
    className="overview"
  >
    <div />
    <h3>
      World currencies names
    </h3>
  </div>
  <h1
    className="title"
  >
    Stats by currency
  </h1>
  <ul
    className="countryList"
  />
</section>
`;
